// Jest Snapshot v1, https://goo.gl/fbAQLP

exports[`TextAreaのテスト snapshot 1`] = `
<DocumentFragment>
  <div
    class="css-j7qwjs"
  >
    <div
      class="css-69i1ev"
    >
      <label
        class="css-1lu35ut"
        for="id"
      >
        ラベル
      </label>
    </div>
    <textarea
      class="css-1qtiooa"
      id="id"
    />
  </div>
</DocumentFragment>
`;
