// Jest Snapshot v1, https://goo.gl/fbAQLP

exports[`CompanySystemListのテスト snapshot 1`] = `
<DocumentFragment>
  .emotion-0 {
  display: -webkit-box;
  display: -webkit-flex;
  display: -ms-flexbox;
  display: flex;
  -webkit-flex-direction: column;
  -ms-flex-direction: column;
  flex-direction: column;
  gap: 16px;
  list-style: none;
  margin: 0;
  padding: 0;
}

.emotion-2 {
  width: 100%;
  height: 198px;
  background-image: url('/garasuhu.svg');
  -webkit-background-size: cover;
  background-size: cover;
  display: -webkit-box;
  display: -webkit-flex;
  display: -ms-flexbox;
  display: flex;
  -webkit-box-pack: center;
  -ms-flex-pack: center;
  -webkit-justify-content: center;
  justify-content: center;
  -webkit-align-items: center;
  -webkit-box-align: center;
  -ms-flex-align: center;
  align-items: center;
}

@media (min-width: 580px) {
  .emotion-2 {
    width: 350px;
    margin: 0 auto;
  }
}

.emotion-4 {
  margin: -10px 0 0 0;
  font-size: 24px;
  letter-spacing: 0.025em;
  line-break: anywhere;
  max-width: 11ch;
  min-height: 36px;
  -webkit-line-clamp: 2;
  overflow: hidden;
  display: -webkit-box;
  -webkit-box-orient: vertical;
}

.emotion-5 {
  margin-top: 4px;
  display: -webkit-box;
  display: -webkit-flex;
  display: -ms-flexbox;
  display: flex;
  -webkit-align-items: center;
  -webkit-box-align: center;
  -ms-flex-align: center;
  align-items: center;
}

.emotion-6 {
  width: 33px;
  height: 33px;
}

.emotion-7 {
  margin: 0 0 0 8px;
  line-height: 1;
  font-weight: normal;
  font-size: 12px;
}

<ul
    class="emotion-0"
  >
    <li
      class="emotion-1"
    >
      <div
        class="emotion-2"
      >
        <div
          class="emotion-1"
        >
          <h2
            class="emotion-4"
          >
            おひるねし放題制度
          </h2>
          <div
            class="emotion-5"
          >
            <img
              class="emotion-6"
              src="/logo.svg"
            />
            <p
              class="emotion-7"
            >
              @manaki
            </p>
          </div>
        </div>
      </div>
    </li>
    <li
      class="emotion-1"
    >
      <div
        class="emotion-2"
      >
        <div
          class="emotion-1"
        >
          <h2
            class="emotion-4"
          >
            おひるねし放題制度
          </h2>
          <div
            class="emotion-5"
          >
            <img
              class="emotion-6"
              src="/logo.svg"
            />
            <p
              class="emotion-7"
            >
              @manaki
            </p>
          </div>
        </div>
      </div>
    </li>
    <li
      class="emotion-1"
    >
      <div
        class="emotion-2"
      >
        <div
          class="emotion-1"
        >
          <h2
            class="emotion-4"
          >
            おひるねし放題制度
          </h2>
          <div
            class="emotion-5"
          >
            <img
              class="emotion-6"
              src="/logo.svg"
            />
            <p
              class="emotion-7"
            >
              @manaki
            </p>
          </div>
        </div>
      </div>
    </li>
    <li
      class="emotion-1"
    >
      <div
        class="emotion-2"
      >
        <div
          class="emotion-1"
        >
          <h2
            class="emotion-4"
          >
            おひるねし放題制度
          </h2>
          <div
            class="emotion-5"
          >
            <img
              class="emotion-6"
              src="/logo.svg"
            />
            <p
              class="emotion-7"
            >
              @manaki
            </p>
          </div>
        </div>
      </div>
    </li>
    <li
      class="emotion-1"
    >
      <div
        class="emotion-2"
      >
        <div
          class="emotion-1"
        >
          <h2
            class="emotion-4"
          >
            おひるねし放題制度
          </h2>
          <div
            class="emotion-5"
          >
            <img
              class="emotion-6"
              src="/logo.svg"
            />
            <p
              class="emotion-7"
            >
              @manaki
            </p>
          </div>
        </div>
      </div>
    </li>
  </ul>
</DocumentFragment>
`;
