// Jest Snapshot v1, https://goo.gl/fbAQLP

exports[`Buttonのテスト snapshot 1`] = `
<DocumentFragment>
  .emotion-0 {
  min-width: 36px;
  outline: none;
  padding: 10px 16px;
  border: none;
  border-radius: 8px;
  cursor: pointer;
  font-size: 16px;
  width: auto;
  display: initial;
  -webkit-align-items: normal;
  -webkit-box-align: normal;
  -ms-flex-align: normal;
  align-items: normal;
  font-weight: bold;
  background-color: #7856FF;
  color: #fff;
  -webkit-transition: box-shadow,filter,0.2s ease-in;
  transition: box-shadow,filter,0.2s ease-in;
  padding: 10px 16px;
}

.emotion-0:hover {
  -webkit-filter: brightness(95%);
  filter: brightness(95%);
  -webkit-transition: filter 0.2s ease-out;
  transition: filter 0.2s ease-out;
}

.emotion-0:focus {
  box-shadow: 0 0 0 2px rgba(120, 86, 255, 0.3);
  -webkit-transition: box-shadow 0.2s ease-out;
  transition: box-shadow 0.2s ease-out;
}

.emotion-1 {
  margin: 0;
  padding: 0;
}

<button
    class="emotion-0"
  >
    <p
      class="emotion-1"
    >
      ボタン
    </p>
  </button>
</DocumentFragment>
`;
