// Jest Snapshot v1, https://goo.gl/fbAQLP

exports[`InputTextのテスト snapshot 1`] = `
<DocumentFragment>
  <div
    class="css-191jwla-InputText"
  >
    <label
      class="css-od4lv7-Label"
      for="test"
    >
      test
    </label>
    <input
      class="css-19pey1s-InputText"
      id="test"
      placeholder="test"
      type="text"
      value="test"
    />
  </div>
</DocumentFragment>
`;
