// Jest Snapshot v1, https://goo.gl/fbAQLP

exports[`HomeNewのテスト snapshot 1`] = `
<DocumentFragment>
  .emotion-0 {
  text-align: left;
}

.emotion-1 {
  margin: 0;
  font-size: 20px;
  font-weight: 700;
}

.emotion-2 {
  width: 1px;
  height: 12px;
  min-width: 1px;
  min-height: 12px;
}

.emotion-3 {
  width: 1px;
  height: 16px;
  min-width: 1px;
  min-height: 16px;
}

.emotion-4 {
  min-width: 36px;
  outline: none;
  padding: 10px 16px;
  border: none;
  border-radius: 8px;
  cursor: pointer;
  font-size: 16px;
  width: 100%;
  display: initial;
  -webkit-align-items: normal;
  -webkit-box-align: normal;
  -ms-flex-align: normal;
  align-items: normal;
  font-weight: bold;
  opacity: 0.7;
  color: rgba(0, 0, 0, 0.3);
  background-color: #d3d3d3;
  -webkit-transition: box-shadow,filter,0.2s ease-in;
  transition: box-shadow,filter,0.2s ease-in;
  padding: 8px 16px;
}

.emotion-4:hover {
  -webkit-filter: brightness(95%);
  filter: brightness(95%);
  -webkit-transition: filter 0.2s ease-out;
  transition: filter 0.2s ease-out;
}

.emotion-4:focus {
  box-shadow: 0 0 0 2px rgba(120, 86, 255, 0.3);
  -webkit-transition: box-shadow 0.2s ease-out;
  transition: box-shadow 0.2s ease-out;
}

.emotion-5 {
  margin: 0;
  padding: 0;
}

<div
    class="emotion-0"
  >
    <p
      class="emotion-1"
      font-weight="bold"
    >
      ＃新しい制度
    </p>
    <div
      class="emotion-2"
      size="12"
    />
    <div
      data-testid="hearts-loading"
      style="display: flex; justify-content: center;"
    >
      <svg
        aria-label="hearts-loading"
        data-testid="hearts-svg"
        fill="#7856FF"
        height="60"
        viewBox="0 0 140 64"
        width="60"
        xmlns="http://www.w3.org/2000/svg"
      >
        <path
          attributeName="fill-opacity"
          d="M30.262 57.02L7.195 40.723c-5.84-3.976-7.56-12.06-3.842-18.063 3.715-6 11.467-7.65 17.306-3.68l4.52 3.76 2.6-5.274c3.717-6.002 11.47-7.65 17.305-3.68 5.84 3.97 7.56 12.054 3.842 18.062L34.49 56.118c-.897 1.512-2.793 1.915-4.228.9z"
          from="0"
          to=".5"
        >
          <animate
            attributeName="fill-opacity"
            begin="0s"
            calcMode="linear"
            dur="1.4s"
            repeatCount="indefinite"
            values="0.5;1;0.5"
          />
        </path>
        <path
          attributeName="fill-opacity"
          d="M105.512 56.12l-14.44-24.272c-3.716-6.008-1.996-14.093 3.843-18.062 5.835-3.97 13.588-2.322 17.306 3.68l2.6 5.274 4.52-3.76c5.84-3.97 13.592-2.32 17.307 3.68 3.718 6.003 1.998 14.088-3.842 18.064L109.74 57.02c-1.434 1.014-3.33.61-4.228-.9z"
          from="0"
          to=".5"
        >
          <animate
            attributeName="fill-opacity"
            begin="0.7s"
            calcMode="linear"
            dur="1.4s"
            repeatCount="indefinite"
            values="0.5;1;0.5"
          />
        </path>
        <path
          d="M67.408 57.834l-23.01-24.98c-5.864-6.15-5.864-16.108 0-22.248 5.86-6.14 15.37-6.14 21.234 0L70 16.168l4.368-5.562c5.863-6.14 15.375-6.14 21.235 0 5.863 6.14 5.863 16.098 0 22.247l-23.007 24.98c-1.43 1.556-3.757 1.556-5.188 0z"
        />
      </svg>
    </div>
    <div
      class="emotion-3"
      size="16"
    />
    <button
      class="emotion-4"
      disabled=""
    >
      <p
        class="emotion-5"
      >
        もっとみる
      </p>
    </button>
  </div>
</DocumentFragment>
`;
