// Jest Snapshot v1, https://goo.gl/fbAQLP

exports[`HomeTopのテスト snapshot 1`] = `
<DocumentFragment>
  .emotion-0 {
  width: 1px;
  height: 8px;
  min-width: 1px;
  min-height: 8px;
}

<div
    class="emotion-0"
    size="8"
  />
  .emotion-0 {
  margin: 0;
  font-size: 32px;
  font-weight: 700;
  text-align: center;
}

<h1
    class="emotion-0"
    font-weight="bold"
  >
    制度作ったったー
  </h1>
  .emotion-0 {
  width: 100%;
  height: 140px;
  margin-top: 8px;
}

<img
    class="emotion-0"
    src="/hero.svg"
  />
  .emotion-0 {
  font-size: 14px;
  margin-top: 24px;
  line-height: 1.75;
  font-weight: 500;
}

<p
    class="emotion-0"
  >
    こんな制度あったらいいな！を叶える事が出来るサイトです。自分の作った制度が本当にどこかの会社で採用されちゃうかも..!?
  </p>
  .emotion-0 {
  width: 12px;
  height: 12px;
  min-width: 12px;
  min-height: 12px;
}

<div
    class="emotion-0"
    size="12"
  />
  .emotion-0 {
  min-width: 36px;
  outline: none;
  padding: 10px 16px;
  border: none;
  border-radius: 8px;
  cursor: pointer;
  font-size: 16px;
  width: 100%;
  display: initial;
  -webkit-align-items: normal;
  -webkit-box-align: normal;
  -ms-flex-align: normal;
  align-items: normal;
  font-weight: bold;
  background-color: #7856FF;
  color: #fff;
  -webkit-transition: box-shadow,filter,0.2s ease-in;
  transition: box-shadow,filter,0.2s ease-in;
  padding: 8px 16px;
}

.emotion-0:hover {
  -webkit-filter: brightness(95%);
  filter: brightness(95%);
  -webkit-transition: filter 0.2s ease-out;
  transition: filter 0.2s ease-out;
}

.emotion-0:focus {
  box-shadow: 0 0 0 2px rgba(120, 86, 255, 0.3);
  -webkit-transition: box-shadow 0.2s ease-out;
  transition: box-shadow 0.2s ease-out;
}

.emotion-1 {
  margin: 0;
  padding: 0;
}

<button
    class="emotion-0"
  >
    <p
      class="emotion-1"
    >
      制度をつくる
    </p>
  </button>
  .emotion-0 {
  width: 12px;
  height: 12px;
  min-width: 12px;
  min-height: 12px;
}

<div
    class="emotion-0"
    size="12"
  />
  .emotion-0 {
  min-width: 36px;
  outline: none;
  padding: 10px 16px;
  border: none;
  border-radius: 8px;
  cursor: pointer;
  font-size: 16px;
  width: 100%;
  display: initial;
  -webkit-align-items: normal;
  -webkit-box-align: normal;
  -ms-flex-align: normal;
  align-items: normal;
  font-weight: bold;
  background-color: #fff;
  border: 3px solid #7856FF;
  color: #7856FF;
  -webkit-transition: box-shadow,filter,0.2s ease-in;
  transition: box-shadow,filter,0.2s ease-in;
  padding: 8px 16px;
}

.emotion-0:hover {
  -webkit-filter: brightness(95%);
  filter: brightness(95%);
  -webkit-transition: filter 0.2s ease-out;
  transition: filter 0.2s ease-out;
}

.emotion-0:focus {
  box-shadow: 0 0 0 2px rgba(120, 86, 255, 0.3);
  -webkit-transition: box-shadow 0.2s ease-out;
  transition: box-shadow 0.2s ease-out;
}

.emotion-1 {
  margin: 0;
  padding: 0;
}

<button
    class="emotion-0"
  >
    <p
      class="emotion-1"
    >
      制度つくったったーとは？
    </p>
  </button>
</DocumentFragment>
`;
