// Jest Snapshot v1, https://goo.gl/fbAQLP

exports[`Headerのテスト snapshot 1`] = `
<DocumentFragment>
  <header
    class="css-1h7t81j"
  >
    <div
      class="css-11hwcxh"
    >
      <a
        class="css-ytumd6"
        href="/"
      >
        <h1
          class="css-1uk7tyj"
        >
          制度作ってみたったー
        </h1>
      </a>
    </div>
  </header>
</DocumentFragment>
`;
