// Jest Snapshot v1, https://goo.gl/fbAQLP

exports[`Headerのテスト snapshot 1`] = `
<DocumentFragment>
  .emotion-0 {
  display: -webkit-box;
  display: -webkit-flex;
  display: -ms-flexbox;
  display: flex;
  background-color: #fff;
  padding: 8px 0;
  border: 1px solid #d3d3d3;
  max-width: 480px;
  margin: 0 auto;
}

.emotion-1 {
  background-color: #fff;
  position: relative;
  width: 100%;
  max-width: 480px;
  padding: 0 16px;
  margin: 0 auto;
}

.emotion-2 {
  display: -webkit-box;
  display: -webkit-flex;
  display: -ms-flexbox;
  display: flex;
  -webkit-align-items: center;
  -webkit-box-align: center;
  -ms-flex-align: center;
  align-items: center;
  gap: 4px;
}

.emotion-3 {
  width: 33px;
  height: 33px;
  -webkit-transform: scale(-1, 1);
  -moz-transform: scale(-1, 1);
  -ms-transform: scale(-1, 1);
  transform: scale(-1, 1);
}

.emotion-4 {
  -webkit-text-decoration: none;
  text-decoration: none;
}

.emotion-5 {
  color: #333;
  font-size: 20px;
  margin: 0;
}

<header
    class="emotion-0"
  >
    <div
      class="emotion-1"
    >
      <div
        class="emotion-2"
      >
        <img
          class="emotion-3"
          src="/logo.svg"
        />
        <a
          class="emotion-4"
          href="/"
        >
          <h1
            class="emotion-5"
          >
            制度作ってみたったー
          </h1>
        </a>
      </div>
    </div>
  </header>
</DocumentFragment>
`;
